2026-09-26 21:03:49:349 info: [Server] Node.js API running on port 6001 in development mode
2026-09-27 07:24:15:2415 error: Error sending OTP email: Invalid login: 535 5.7.8 Authentication failed
2026-09-27 07:25:34:2534 info: [Payment] Payment 159 settled as captured for booking 46 (source=checkout)
2026-09-27 07:26:13:2613 info: [Server] Node.js API running on port 6001 in development mode
2026-09-27 07:26:38:2638 debug: [Socket] User connected: XsfdqFqQ8AWKlFK7AAAC
2026-09-27 07:26:38:2638 info: [Socket] Client joined lobby room: group_7
2026-09-27 07:26:38:2638 debug: [Socket] User connected: zIzwzmn7A8kClnCMAAAD
2026-09-27 07:26:38:2638 info: [Socket] Client joined lobby room: group_7
2026-09-27 07:26:44:2644 error: The Lie Detector can only be used once per game
2026-09-27 07:26:45:2645 debug: [Socket] User disconnected: XsfdqFqQ8AWKlFK7AAAC, Reason: client namespace disconnect
2026-09-27 07:26:45:2645 debug: [Socket] User disconnected: zIzwzmn7A8kClnCMAAAD, Reason: client namespace disconnect
2026-09-27 07:27:28:2728 debug: [Socket] User connected: VJOjockeDHcZN6FeAAAG
2026-09-27 07:27:28:2728 debug: [Socket] User connected: n4htrFmDqN6qRQ-yAAAH
2026-09-27 07:27:28:2728 info: [Socket] Client joined lobby room: group_7
2026-09-27 07:27:28:2728 info: [Socket] Client joined lobby room: group_7
2026-09-27 07:27:35:2735 error: The Lie Detector can only be used once per game
2026-09-27 07:27:36:2736 debug: [Socket] User disconnected: n4htrFmDqN6qRQ-yAAAH, Reason: transport error
2026-09-27 07:27:36:2736 debug: [Socket] User disconnected: VJOjockeDHcZN6FeAAAG, Reason: transport error
2026-09-27 07:29:02:292 info: [Server] Node.js API running on port 6001 in development mode
2026-09-27 07:29:21:2921 info: [Server] Node.js API running on port 6001 in development mode
2026-09-27 07:29:40:2940 info: [Server] Node.js API running on port 6001 in development mode
2026-09-27 07:29:50:2950 info: [Server] Node.js API running on port 6001 in development mode
2026-09-27 07:33:32:3332 debug: [Socket] User connected: PYhjUkjPSAcN1x0pAAAC
2026-09-27 07:33:32:3332 debug: [Socket] User connected: cbFK95Zy_pQqo_WkAAAD
2026-09-27 07:33:32:3332 info: [Socket] Client joined lobby room: group_7
2026-09-27 07:33:32:3332 info: [Socket] Client joined lobby room: group_7
2026-09-27 07:33:36:3336 error: The Lie Detector runs for its full duration and ends automatically.
2026-09-27 07:33:43:3343 error: The Lie Detector can only be used once per game
2026-09-27 07:33:43:3343 debug: [Socket] User disconnected: PYhjUkjPSAcN1x0pAAAC, Reason: client namespace disconnect
2026-09-27 07:33:43:3343 debug: [Socket] User disconnected: cbFK95Zy_pQqo_WkAAAD, Reason: client namespace disconnect
2026-09-27 07:33:58:3358 info: [Server] Node.js API running on port 6001 in development mode
2026-09-27 07:34:43:3443 debug: [Socket] User connected: 90JffbPecOtrqQSrAAAB
2026-09-27 07:34:43:3443 info: [Socket] Client joined lobby room: group_7
2026-09-27 07:34:43:3443 info: [Socket] Client joined lobby room: group_7
2026-09-27 07:34:43:3443 info: [Socket] Client joined lobby room: group_7
2026-09-27 07:34:43:3443 info: [Socket] Client joined lobby room: group_7
2026-09-27 07:34:43:3443 info: [Socket] Client joined lobby room: group_7
2026-09-27 07:35:38:3538 debug: [Socket] User disconnected: 90JffbPecOtrqQSrAAAB, Reason: transport close
2026-09-27 07:35:44:3544 debug: [Socket] User connected: Asz6mD4iXrbw_DhnAAAD
2026-09-27 07:35:44:3544 info: [Socket] Client joined lobby room: group_7
2026-09-27 07:35:44:3544 info: [Socket] Client joined lobby room: group_7
2026-09-27 07:35:44:3544 info: [Socket] Client joined lobby room: group_7
2026-09-27 07:35:44:3544 info: [Socket] Client joined lobby room: group_7
2026-09-27 07:35:44:3544 info: [Socket] Client joined lobby room: group_7
2026-09-27 07:35:51:3551 debug: [Socket] User disconnected: Asz6mD4iXrbw_DhnAAAD, Reason: client namespace disconnect
2026-09-27 07:36:59:3659 debug: [Socket] User connected: l0tZvZwEWJmRO-baAAAF
2026-09-27 07:36:59:3659 info: [Socket] Client joined lobby room: group_7
2026-09-27 07:36:59:3659 info: [Socket] Client joined lobby room: group_7
2026-09-27 07:36:59:3659 info: [Socket] Client joined lobby room: group_7
2026-09-27 07:36:59:3659 info: [Socket] Client joined lobby room: group_7
2026-09-27 07:36:59:3659 info: [Socket] Client joined lobby room: group_7
2026-09-27 07:37:08:378 info: [Socket] Client joined lobby room: group_7
2026-09-27 07:37:23:3723 info: [Socket] Client joined lobby room: group_7
2026-09-27 07:37:38:3738 debug: [Socket] User disconnected: l0tZvZwEWJmRO-baAAAF, Reason: client namespace disconnect
2026-09-27 07:37:50:3750 debug: [Socket] User connected: zD9-I_mQu6-5rk4_AAAH
2026-09-27 07:37:50:3750 info: [Socket] Client joined lobby room: group_7
2026-09-27 07:38:17:3817 debug: [Socket] User disconnected: zD9-I_mQu6-5rk4_AAAH, Reason: transport close
2026-09-27 07:38:18:3818 debug: [Socket] User connected: hbqU-Em_JUKhGRHXAAAJ
2026-09-27 07:38:18:3818 info: [Socket] Client joined lobby room: group_7
2026-09-27 07:38:18:3818 info: [Socket] Client joined lobby room: group_7
2026-09-27 07:38:18:3818 info: [Socket] Client joined lobby room: group_7
2026-09-27 07:38:18:3818 info: [Socket] Client joined lobby room: group_7
2026-09-27 07:38:18:3818 info: [Socket] Client joined lobby room: group_7
2026-09-27 07:38:34:3834 debug: [Socket] User disconnected: hbqU-Em_JUKhGRHXAAAJ, Reason: client namespace disconnect
2026-09-27 07:38:42:3842 debug: [Socket] User connected: z4LG06CeEaOxiUhCAAAL
2026-09-27 07:38:42:3842 info: [Socket] Client joined lobby room: group_7
2026-09-27 07:43:30:4330 debug: [Socket] User disconnected: z4LG06CeEaOxiUhCAAAL, Reason: transport close
2026-09-27 07:43:31:4331 debug: [Socket] User connected: WJgBTbdP3aXScuBDAAAN
2026-09-27 07:43:31:4331 info: [Socket] Client joined lobby room: group_7
2026-09-27 07:43:31:4331 info: [Socket] Client joined lobby room: group_7
2026-09-27 07:43:31:4331 info: [Socket] Client joined lobby room: group_7
2026-09-27 07:43:32:4332 info: [Socket] Client joined lobby room: group_7
2026-09-27 07:43:32:4332 info: [Socket] Client joined lobby room: group_7
2026-09-27 08:17:23:1723 debug: [Socket] User disconnected: WJgBTbdP3aXScuBDAAAN, Reason: transport error
2026-09-27 13:52:37:5237 error: Access Denied: You have joined after the allowed time. The session started at 7:30 AM and entry was closed at 7:45 AM. Please contact the Organiser for assistance.
2026-09-27 13:52:42:5242 error: Access Denied: You have joined after the allowed time. The session started at 7:30 AM and entry was closed at 7:45 AM. Please contact the Organiser for assistance.
2026-09-27 13:54:49:5449 error: Access Denied: You have joined after the allowed time. The session started at 7:30 AM and entry was closed at 7:45 AM. Please contact the Organiser for assistance.
2026-09-27 13:55:25:5525 error: Error sending OTP email: Invalid login: 535 5.7.8 Authentication failed
2026-09-27 13:57:04:574 info: [Payment] Payment 160 settled as captured for booking 47 (source=checkout)
2026-09-27 14:01:14:114 error: Error sending OTP email: Invalid login: 535 5.7.8 Authentication failed
2026-09-27 14:01:25:125 debug: [Socket] User connected: X3ksEHX4KADM59yVAAAP
2026-09-27 14:01:25:125 info: [Socket] Client joined lobby room: group_25
2026-09-27 14:01:25:125 info: [Socket] Client joined lobby room: group_25
2026-09-27 14:01:25:125 info: [Socket] Client joined lobby room: group_25
2026-09-27 14:01:48:148 error: Error sending OTP email: Invalid login: 535 5.7.8 Authentication failed
2026-09-27 14:01:52:152 debug: [Socket] User connected: uxKNjbHoMVP3IX7GAAAR
2026-09-27 14:01:52:152 info: [Socket] Client joined lobby room: group_25
2026-09-27 14:01:52:152 info: [Socket] Client joined lobby room: group_25
2026-09-27 14:01:52:152 info: [Socket] Client joined lobby room: group_25
2026-09-27 14:02:02:22 error: Error sending OTP email: Invalid login: 535 5.7.8 Authentication failed
2026-09-27 14:02:07:27 debug: [Socket] User connected: HKh2E8pkw0n-_qzUAAAT
2026-09-27 14:02:07:27 info: [Socket] Client joined lobby room: group_25
2026-09-27 14:02:07:27 info: [Socket] Client joined lobby room: group_25
2026-09-27 14:02:07:27 info: [Socket] Client joined lobby room: group_25
2026-09-27 14:02:16:216 error: Error sending OTP email: Invalid login: 535 5.7.8 Authentication failed
2026-09-27 14:02:20:220 debug: [Socket] User connected: pKRWth26sU4XS2yuAAAV
2026-09-27 14:02:20:220 info: [Socket] Client joined lobby room: group_25
2026-09-27 14:02:20:220 info: [Socket] Client joined lobby room: group_25
2026-09-27 14:02:20:220 info: [Socket] Client joined lobby room: group_25
2026-09-27 14:02:33:233 error: Error sending OTP email: Invalid login: 535 5.7.8 Authentication failed
2026-09-27 14:02:38:238 debug: [Socket] User connected: Tn61clSpZpIA-9BmAAAX
2026-09-27 14:02:38:238 info: [Socket] Client joined lobby room: group_25
2026-09-27 14:02:38:238 info: [Socket] Client joined lobby room: group_25
2026-09-27 14:02:38:238 info: [Socket] Client joined lobby room: group_25
2026-09-27 14:15:00:150 info: [Socket] Client joined lobby room: group_25
2026-09-27 14:15:00:150 info: [Socket] Client joined lobby room: group_25
2026-09-27 14:15:00:150 error: You are not part of this group
2026-09-27 14:15:00:150 info: [Socket] Client joined lobby room: group_25
2026-09-27 14:15:00:150 info: [Socket] Client joined lobby room: group_25
2026-09-27 14:15:00:150 info: [Socket] Client joined lobby room: group_25
2026-09-27 14:15:00:150 info: [Socket] Client joined lobby room: group_25
2026-09-27 14:15:00:150 error: You are not part of this group
2026-09-27 14:15:00:150 info: [Socket] Client joined lobby room: group_25
2026-09-27 14:15:00:150 info: [Socket] Client joined lobby room: group_25
2026-09-27 14:15:00:150 info: [Socket] Client joined lobby room: group_25
2026-09-27 14:15:00:150 info: [Socket] Client joined lobby room: group_25
2026-09-27 14:15:00:150 info: [Socket] Client joined lobby room: group_25
2026-09-27 14:15:00:150 info: [Socket] Client joined lobby room: group_25
2026-09-27 14:15:00:150 info: [Socket] Client joined lobby room: group_25
2026-09-27 14:15:00:150 info: [Socket] Client joined lobby room: group_25
2026-09-27 14:15:00:150 info: [Socket] Client joined lobby room: group_25
2026-09-27 14:15:00:150 info: [Socket] Client joined lobby room: group_25
2026-09-27 14:15:05:155 info: [Socket] Client joined lobby room: group_25
2026-09-27 14:15:05:155 info: [Socket] Client joined lobby room: group_25
2026-09-27 14:15:05:155 info: [Socket] Client joined lobby room: group_25
2026-09-27 14:15:05:155 info: [Socket] Client joined lobby room: group_25
2026-09-27 14:15:05:155 info: [Socket] Client joined lobby room: group_25
2026-09-27 14:15:05:155 info: [Socket] Client joined lobby room: group_25
2026-09-27 14:15:10:1510 info: [Socket] Client joined lobby room: group_25
2026-09-27 14:15:10:1510 info: [Socket] Client joined lobby room: group_25
2026-09-27 14:15:10:1510 info: [Socket] Client joined lobby room: group_25
2026-09-27 14:15:10:1510 info: [Socket] Client joined lobby room: group_25
2026-09-27 14:15:10:1510 info: [Socket] Client joined lobby room: group_25
2026-09-27 14:15:10:1510 info: [Socket] Client joined lobby room: group_25
2026-09-27 14:15:16:1516 info: [Socket] Client joined lobby room: group_25
2026-09-27 14:15:16:1516 info: [Socket] Client joined lobby room: group_25
2026-09-27 14:15:16:1516 info: [Socket] Client joined lobby room: group_25
2026-09-27 14:15:16:1516 info: [Socket] Client joined lobby room: group_25
2026-09-27 14:15:16:1516 info: [Socket] Client joined lobby room: group_25
2026-09-27 14:15:16:1516 info: [Socket] Client joined lobby room: group_25
2026-09-27 14:15:19:1519 info: [Socket] Client joined lobby room: group_25
2026-09-27 14:15:19:1519 info: [Socket] Client joined lobby room: group_25
2026-09-27 14:15:19:1519 info: [Socket] Client joined lobby room: group_25
2026-09-27 14:15:19:1519 info: [Socket] Client joined lobby room: group_25
2026-09-27 14:15:19:1519 info: [Socket] Client joined lobby room: group_25
2026-09-27 14:15:19:1519 info: [Socket] Client joined lobby room: group_25
2026-09-27 14:20:58:2058 info: [Socket] Client joined lobby room: group_25
2026-09-27 14:20:58:2058 info: [Socket] Client joined lobby room: group_25
2026-09-27 14:20:58:2058 info: [Socket] Client joined lobby room: group_25
2026-09-27 14:20:58:2058 info: [Socket] Client joined lobby room: group_25
2026-09-27 14:20:58:2058 info: [Socket] Client joined lobby room: group_25
2026-09-27 14:21:14:2114 info: [Socket] Client joined lobby room: group_25
2026-09-27 14:21:14:2114 info: [Socket] Client joined lobby room: group_25
2026-09-27 14:21:14:2114 info: [Socket] Client joined lobby room: group_25
2026-09-27 14:21:14:2114 info: [Socket] Client joined lobby room: group_25
2026-09-27 14:21:14:2114 info: [Socket] Client joined lobby room: group_25
2026-09-27 14:21:14:2114 info: [Socket] Client joined lobby room: group_25
2026-09-27 14:21:14:2114 info: [Socket] Client joined lobby room: group_25
2026-09-27 14:21:14:2114 info: [Socket] Client joined lobby room: group_25
2026-09-27 14:23:37:2337 info: [Socket] Client joined lobby room: group_25
2026-09-27 14:23:37:2337 info: [Socket] Client joined lobby room: group_25
2026-09-27 14:23:37:2337 info: [Socket] Client joined lobby room: group_25
2026-09-27 14:23:37:2337 info: [Socket] Client joined lobby room: group_25
2026-09-27 14:23:37:2337 info: [Socket] Client joined lobby room: group_25
2026-09-27 14:23:37:2337 info: [Socket] Client joined lobby room: group_25
2026-09-27 14:23:37:2337 info: [Socket] Client joined lobby room: group_25
2026-09-27 14:23:37:2337 info: [Socket] Client joined lobby room: group_25
2026-09-27 14:23:38:2338 info: [Socket] Client joined lobby room: group_25
2026-09-27 14:23:38:2338 info: [Socket] Client joined lobby room: group_25
2026-09-27 14:23:42:2342 info: [Socket] Client joined lobby room: group_25
2026-09-27 14:23:42:2342 info: [Socket] Client joined lobby room: group_25
2026-09-27 14:23:42:2342 info: [Socket] Client joined lobby room: group_25
2026-09-27 14:23:42:2342 info: [Socket] Client joined lobby room: group_25
2026-09-27 14:23:42:2342 info: [Socket] Client joined lobby room: group_25
2026-09-27 14:23:42:2342 info: [Socket] Client joined lobby room: group_25
2026-09-27 14:23:42:2342 info: [Socket] Client joined lobby room: group_25
2026-09-27 14:23:42:2342 info: [Socket] Client joined lobby room: group_25
2026-09-27 14:23:42:2342 info: [Socket] Client joined lobby room: group_25
2026-09-27 14:23:42:2342 info: [Socket] Client joined lobby room: group_25
2026-09-27 14:24:19:2419 info: [Socket] Client joined lobby room: group_25
2026-09-27 14:24:19:2419 info: [Socket] Client joined lobby room: group_25
2026-09-27 14:24:19:2419 info: [Socket] Client joined lobby room: group_25
2026-09-27 14:24:19:2419 info: [Socket] Client joined lobby room: group_25
2026-09-27 14:24:19:2419 info: [Socket] Client joined lobby room: group_25
2026-09-27 14:24:19:2419 info: [Socket] Client joined lobby room: group_25
2026-09-27 14:24:19:2419 info: [Socket] Client joined lobby room: group_25
2026-09-27 14:24:19:2419 info: [Socket] Client joined lobby room: group_25
2026-09-27 14:24:19:2419 info: [Socket] Client joined lobby room: group_25
2026-09-27 14:24:20:2420 info: [Socket] Client joined lobby room: group_25
2026-09-27 14:25:18:2518 debug: [Socket] User connected: xaZKO5rUca-nZqsoAAAZ
2026-09-27 14:25:18:2518 info: [Socket] Client joined lobby room: group_7
2026-09-27 14:25:18:2518 info: [Socket] Client joined lobby room: group_7
2026-09-27 14:25:18:2518 info: [Socket] Client joined lobby room: group_7
2026-09-27 14:25:18:2518 info: [Socket] Client joined lobby room: group_7
2026-09-27 14:25:18:2518 info: [Socket] Client joined lobby room: group_7
2026-09-27 14:25:58:2558 debug: [Socket] User disconnected: xaZKO5rUca-nZqsoAAAZ, Reason: transport close
2026-09-27 14:25:58:2558 debug: [Socket] User connected: vI_Ai1qFw0BJqteVAAAb
2026-09-27 14:25:58:2558 info: [Socket] Client joined lobby room: group_7
2026-09-27 14:25:58:2558 info: [Socket] Client joined lobby room: group_7
2026-09-27 14:25:58:2558 info: [Socket] Client joined lobby room: group_7
2026-09-27 14:25:58:2558 info: [Socket] Client joined lobby room: group_7
2026-09-27 14:25:58:2558 info: [Socket] Client joined lobby room: group_7
2026-09-27 14:27:03:273 debug: [Socket] User disconnected: Tn61clSpZpIA-9BmAAAX, Reason: transport close
2026-09-27 14:27:03:273 debug: [Socket] User connected: mMIBS8IZp7TzSTkPAAAd
2026-09-27 14:27:03:273 info: [Socket] Client joined lobby room: group_25
2026-09-27 14:27:03:273 info: [Socket] Client joined lobby room: group_25
2026-09-27 14:27:03:273 info: [Socket] Client joined lobby room: group_25
2026-09-27 14:27:03:273 info: [Socket] Client joined lobby room: group_25
2026-09-27 14:27:03:273 info: [Socket] Client joined lobby room: group_25
2026-09-27 14:27:13:2713 debug: [Socket] User disconnected: mMIBS8IZp7TzSTkPAAAd, Reason: transport close
2026-09-27 14:27:13:2713 debug: [Socket] User connected: ia9k8c6IANGlrRL7AAAf
2026-09-27 14:27:13:2713 info: [Socket] Client joined lobby room: group_25
2026-09-27 14:27:13:2713 info: [Socket] Client joined lobby room: group_25
2026-09-27 14:27:13:2713 info: [Socket] Client joined lobby room: group_25
2026-09-27 14:27:13:2713 info: [Socket] Client joined lobby room: group_25
2026-09-27 14:27:13:2713 info: [Socket] Client joined lobby room: group_25
2026-09-27 14:28:03:283 info: [Socket] Client joined lobby room: group_25
2026-09-27 14:28:03:283 info: [Socket] Client joined lobby room: group_25
2026-09-27 14:28:03:283 info: [Socket] Client joined lobby room: group_25
2026-09-27 14:28:03:283 info: [Socket] Client joined lobby room: group_25
2026-09-27 14:28:03:283 info: [Socket] Client joined lobby room: group_25
2026-09-27 14:51:51:5151 debug: [Socket] User disconnected: ia9k8c6IANGlrRL7AAAf, Reason: transport close
2026-09-27 14:51:51:5151 debug: [Socket] User disconnected: X3ksEHX4KADM59yVAAAP, Reason: transport close
2026-09-27 14:51:51:5151 debug: [Socket] User disconnected: uxKNjbHoMVP3IX7GAAAR, Reason: transport close
2026-09-27 14:51:51:5151 debug: [Socket] User disconnected: HKh2E8pkw0n-_qzUAAAT, Reason: transport close
2026-09-27 14:51:51:5151 debug: [Socket] User disconnected: pKRWth26sU4XS2yuAAAV, Reason: transport close
2026-09-27 14:51:51:5151 debug: [Socket] User disconnected: vI_Ai1qFw0BJqteVAAAb, Reason: transport close
2026-09-27 20:39:26:3926 error: Error sending OTP email: Invalid login: 535 5.7.8 Authentication failed
2026-09-27 20:39:56:3956 debug: [Socket] User connected: sso3xZmOurLIb-wQAAAh
2026-09-27 20:39:56:3956 info: [Socket] Client joined lobby room: group_7
2026-09-27 20:39:56:3956 info: [Socket] Client joined lobby room: group_7
2026-09-27 20:39:56:3956 info: [Socket] Client joined lobby room: group_7
2026-09-27 20:39:56:3956 info: [Socket] Client joined lobby room: group_7
2026-09-27 20:39:56:3956 info: [Socket] Client joined lobby room: group_7
2026-09-27 20:40:41:4041 info: [Payment] Payment 161 settled as captured for booking 48 (source=checkout)
2026-09-27 20:46:06:466 debug: [Socket] User disconnected: sso3xZmOurLIb-wQAAAh, Reason: transport close
2026-09-27 21:02:59:259 debug: [Socket] User connected: geeDh3cw56UlA9xpAAAj
2026-09-27 21:02:59:259 info: [Socket] Client joined lobby room: group_7
2026-09-27 21:02:59:259 info: [Socket] Client joined lobby room: group_7
2026-09-27 21:03:01:31 info: [Socket] Client joined lobby room: group_7
2026-09-27 21:03:01:31 info: [Socket] Client joined lobby room: group_7
2026-09-27 21:03:01:31 info: [Socket] Client joined lobby room: group_7
2026-09-27 21:17:37:1737 error: Access Denied: You have joined after the allowed time. The session started at 8:45 PM and entry was closed at 9:00 PM. Please contact the Organiser for assistance.
2026-09-27 21:18:11:1811 error: You already registered this email id. Please login.
2026-09-27 21:18:21:1821 error: Error sending OTP email: Invalid login: 535 5.7.8 Authentication failed
2026-09-27 21:20:12:2012 info: [Payment] Payment 162 settled as captured for booking 49 (source=checkout)
2026-09-27 21:31:52:3152 error: Error sending OTP email: Invalid login: 535 5.7.8 Authentication failed
2026-09-27 21:31:56:3156 debug: [Socket] User connected: 9EFw9J2g45AYpP8NAAAl
2026-09-27 21:31:56:3156 info: [Socket] Client joined lobby room: group_26
2026-09-27 21:31:56:3156 info: [Socket] Client joined lobby room: group_26
2026-09-27 21:31:56:3156 info: [Socket] Client joined lobby room: group_26
2026-09-27 21:32:16:3216 error: Error sending OTP email: Invalid login: 535 5.7.8 Authentication failed
2026-09-27 21:32:19:3219 debug: [Socket] User connected: A_yVEh9pDJRNJwJSAAAn
2026-09-27 21:32:19:3219 info: [Socket] Client joined lobby room: group_26
2026-09-27 21:32:19:3219 info: [Socket] Client joined lobby room: group_26
2026-09-27 21:32:19:3219 info: [Socket] Client joined lobby room: group_26
2026-09-27 21:32:29:3229 error: Error sending OTP email: Invalid login: 535 5.7.8 Authentication failed
2026-09-27 21:32:33:3233 debug: [Socket] User connected: mtFjeyw5lYfLwE1iAAAp
2026-09-27 21:32:33:3233 info: [Socket] Client joined lobby room: group_26
2026-09-27 21:32:33:3233 info: [Socket] Client joined lobby room: group_26
2026-09-27 21:32:33:3233 info: [Socket] Client joined lobby room: group_26
2026-09-27 21:32:38:3238 error: Error sending OTP email: Invalid login: 535 5.7.8 Authentication failed
2026-09-27 21:32:42:3242 debug: [Socket] User connected: qltNDVhG6f3-OqEMAAAr
2026-09-27 21:32:42:3242 info: [Socket] Client joined lobby room: group_26
2026-09-27 21:32:42:3242 info: [Socket] Client joined lobby room: group_26
2026-09-27 21:32:42:3242 info: [Socket] Client joined lobby room: group_26
2026-09-27 21:32:49:3249 error: Error sending OTP email: Invalid login: 535 5.7.8 Authentication failed
2026-09-27 21:32:53:3253 debug: [Socket] User connected: B6ONwMJJtRqu8A8JAAAt
2026-09-27 21:32:53:3253 info: [Socket] Client joined lobby room: group_26
2026-09-27 21:32:53:3253 info: [Socket] Client joined lobby room: group_26
2026-09-27 21:32:53:3253 info: [Socket] Client joined lobby room: group_26
2026-09-27 21:38:23:3823 debug: [Socket] User disconnected: 9EFw9J2g45AYpP8NAAAl, Reason: transport close
2026-09-27 21:38:24:3824 debug: [Socket] User connected: f0mhUTx-wVklyLiKAAAv
2026-09-27 21:38:24:3824 info: [Socket] Client joined lobby room: group_26
2026-09-27 21:38:24:3824 info: [Socket] Client joined lobby room: group_26
2026-09-27 21:39:10:3910 debug: [Socket] User disconnected: f0mhUTx-wVklyLiKAAAv, Reason: transport close
2026-09-27 21:39:10:3910 debug: [Socket] User connected: L2icEVAaISYLoGxrAAAx
2026-09-27 21:39:10:3910 info: [Socket] Client joined lobby room: group_26
2026-09-27 21:39:10:3910 info: [Socket] Client joined lobby room: group_26
2026-09-27 21:42:03:423 debug: [Socket] User disconnected: L2icEVAaISYLoGxrAAAx, Reason: transport close
2026-09-27 21:42:03:423 debug: [Socket] User connected: 9CK1KJSo_yfC9sMFAAAz
2026-09-27 21:42:03:423 info: [Socket] Client joined lobby room: group_26
2026-09-27 21:42:03:423 info: [Socket] Client joined lobby room: group_26
2026-09-27 21:45:03:453 info: [Socket] Client joined lobby room: group_26
2026-09-27 21:45:03:453 info: [Socket] Client joined lobby room: group_26
2026-09-27 21:45:03:453 error: You are not part of this group
2026-09-27 21:45:03:453 info: [Socket] Client joined lobby room: group_26
2026-09-27 21:45:03:453 info: [Socket] Client joined lobby room: group_26
2026-09-27 21:45:03:453 error: You are not part of this group
2026-09-27 21:45:03:453 info: [Socket] Client joined lobby room: group_26
2026-09-27 21:45:03:453 info: [Socket] Client joined lobby room: group_26
2026-09-27 21:45:03:453 error: You are not part of this group
2026-09-27 21:45:03:453 info: [Socket] Client joined lobby room: group_26
2026-09-27 21:45:03:453 info: [Socket] Client joined lobby room: group_26
2026-09-27 21:45:03:453 info: [Socket] Client joined lobby room: group_26
2026-09-27 21:45:03:453 info: [Socket] Client joined lobby room: group_26
2026-09-27 21:45:03:453 info: [Socket] Client joined lobby room: group_26
2026-09-27 21:45:03:453 info: [Socket] Client joined lobby room: group_26
2026-09-27 21:45:03:453 info: [Socket] Client joined lobby room: group_26
2026-09-27 21:45:03:453 info: [Socket] Client joined lobby room: group_26
2026-09-27 21:45:03:453 info: [Socket] Client joined lobby room: group_26
2026-09-27 21:45:05:455 info: [Socket] Client joined lobby room: group_26
2026-09-27 21:45:05:455 info: [Socket] Client joined lobby room: group_26
2026-09-27 21:45:05:455 info: [Socket] Client joined lobby room: group_26
2026-09-27 21:45:05:455 info: [Socket] Client joined lobby room: group_26
2026-09-27 21:45:05:455 info: [Socket] Client joined lobby room: group_26
2026-09-27 21:45:05:455 info: [Socket] Client joined lobby room: group_26
2026-09-27 21:45:05:455 info: [Socket] Client joined lobby room: group_26
2026-09-27 21:45:05:455 info: [Socket] Client joined lobby room: group_26
2026-09-27 21:45:05:455 info: [Socket] Client joined lobby room: group_26
2026-09-27 21:45:05:455 info: [Socket] Client joined lobby room: group_26
2026-09-27 21:45:05:455 info: [Socket] Client joined lobby room: group_26
2026-09-27 21:45:05:455 info: [Socket] Client joined lobby room: group_26
2026-09-27 21:45:05:455 info: [Socket] Client joined lobby room: group_26
2026-09-27 21:45:05:455 info: [Socket] Client joined lobby room: group_26
2026-09-27 21:45:05:455 info: [Socket] Client joined lobby room: group_26
2026-09-27 21:45:05:455 info: [Socket] Client joined lobby room: group_26
2026-09-27 21:45:05:455 info: [Socket] Client joined lobby room: group_26
2026-09-27 21:45:05:455 info: [Socket] Client joined lobby room: group_26
2026-09-27 21:45:05:455 info: [Socket] Client joined lobby room: group_26
2026-09-27 21:45:05:455 info: [Socket] Client joined lobby room: group_26
2026-09-27 21:45:05:455 info: [Socket] Client joined lobby room: group_26
2026-09-27 21:45:05:455 info: [Socket] Client joined lobby room: group_26
2026-09-27 21:45:05:455 info: [Socket] Client joined lobby room: group_26
2026-09-27 21:45:05:455 info: [Socket] Client joined lobby room: group_26
2026-09-27 21:46:42:4642 info: [Socket] Client joined lobby room: group_26
2026-09-27 21:46:42:4642 info: [Socket] Client joined lobby room: group_26
2026-09-27 21:46:42:4642 info: [Socket] Client joined lobby room: group_26
2026-09-27 21:46:42:4642 info: [Socket] Client joined lobby room: group_26
2026-09-27 21:46:42:4642 info: [Socket] Client joined lobby room: group_26
2026-09-27 21:46:42:4642 info: [Socket] Client joined lobby room: group_26
2026-09-27 21:46:42:4642 info: [Socket] Client joined lobby room: group_26
2026-09-27 21:46:42:4642 info: [Socket] Client joined lobby room: group_26
2026-09-27 21:46:42:4642 info: [Socket] Client joined lobby room: group_26
2026-09-27 21:46:42:4642 info: [Socket] Client joined lobby room: group_26
2026-09-27 21:46:46:4646 debug: [Socket] User disconnected: 9CK1KJSo_yfC9sMFAAAz, Reason: transport close
2026-09-27 21:46:46:4646 debug: [Socket] User connected: 1Lo14aVh51tT9bbbAAA1
2026-09-27 21:46:46:4646 info: [Socket] Client joined lobby room: group_26
2026-09-27 21:46:46:4646 info: [Socket] Client joined lobby room: group_26
2026-09-27 21:46:46:4646 info: [Socket] Client joined lobby room: group_26
2026-09-27 21:46:46:4646 info: [Socket] Client joined lobby room: group_26
2026-09-27 21:46:46:4646 info: [Socket] Client joined lobby room: group_26
2026-09-27 21:46:53:4653 info: [Socket] Client joined lobby room: group_26
2026-09-27 21:46:53:4653 info: [Socket] Client joined lobby room: group_26
2026-09-27 21:46:53:4653 debug: [Socket] User disconnected: 1Lo14aVh51tT9bbbAAA1, Reason: transport close
2026-09-27 21:46:53:4653 debug: [Socket] User connected: BY3eaw0bLHdT4To_AAA3
2026-09-27 21:46:53:4653 info: [Socket] Client joined lobby room: group_26
2026-09-27 21:46:53:4653 info: [Socket] Client joined lobby room: group_26
2026-09-27 21:46:53:4653 info: [Socket] Client joined lobby room: group_26
2026-09-27 21:46:53:4653 info: [Socket] Client joined lobby room: group_26
2026-09-27 21:46:53:4653 info: [Socket] Client joined lobby room: group_26
2026-09-27 21:46:53:4653 info: [Socket] Client joined lobby room: group_26
2026-09-27 21:46:53:4653 info: [Socket] Client joined lobby room: group_26
2026-09-27 21:46:53:4653 info: [Socket] Client joined lobby room: group_26
2026-09-27 21:46:53:4653 info: [Socket] Client joined lobby room: group_26
2026-09-27 21:46:53:4653 info: [Socket] Client joined lobby room: group_26
2026-09-27 21:46:53:4653 info: [Socket] Client joined lobby room: group_26
2026-09-27 21:46:53:4653 info: [Socket] Client joined lobby room: group_26
2026-09-27 21:46:53:4653 info: [Socket] Client joined lobby room: group_26
2026-09-27 21:47:06:476 debug: [Socket] User disconnected: BY3eaw0bLHdT4To_AAA3, Reason: transport close
2026-09-27 21:47:07:477 debug: [Socket] User connected: sK6I7GDw-VYD01LdAAA5
2026-09-27 21:47:07:477 info: [Socket] Client joined lobby room: group_26
2026-09-27 21:47:07:477 info: [Socket] Client joined lobby room: group_26
2026-09-27 21:47:07:477 info: [Socket] Client joined lobby room: group_26
2026-09-27 21:47:07:477 info: [Socket] Client joined lobby room: group_26
2026-09-27 21:47:07:477 info: [Socket] Client joined lobby room: group_26
2026-09-27 21:47:08:478 info: [Socket] Client joined lobby room: group_26
2026-09-27 21:47:08:478 info: [Socket] Client joined lobby room: group_26
2026-09-27 21:47:08:478 info: [Socket] Client joined lobby room: group_26
2026-09-27 21:47:08:478 info: [Socket] Client joined lobby room: group_26
2026-09-27 21:47:08:478 info: [Socket] Client joined lobby room: group_26
2026-09-27 21:47:08:478 info: [Socket] Client joined lobby room: group_26
2026-09-27 21:47:08:478 info: [Socket] Client joined lobby room: group_26
2026-09-27 21:47:08:478 info: [Socket] Client joined lobby room: group_26
2026-09-27 21:47:30:4730 debug: [Socket] User disconnected: sK6I7GDw-VYD01LdAAA5, Reason: transport close
2026-09-27 21:47:30:4730 info: [Socket] Client joined lobby room: group_26
2026-09-27 21:47:30:4730 info: [Socket] Client joined lobby room: group_26
2026-09-27 21:47:30:4730 info: [Socket] Client joined lobby room: group_26
2026-09-27 21:47:30:4730 info: [Socket] Client joined lobby room: group_26
2026-09-27 21:47:30:4730 info: [Socket] Client joined lobby room: group_26
2026-09-27 21:47:30:4730 info: [Socket] Client joined lobby room: group_26
2026-09-27 21:47:30:4730 info: [Socket] Client joined lobby room: group_26
2026-09-27 21:47:30:4730 info: [Socket] Client joined lobby room: group_26
2026-09-27 21:47:30:4730 debug: [Socket] User connected: XtXuf2XvyX6hSVrPAAA7
2026-09-27 21:47:30:4730 info: [Socket] Client joined lobby room: group_26
2026-09-27 21:47:30:4730 info: [Socket] Client joined lobby room: group_26
2026-09-27 21:47:30:4730 info: [Socket] Client joined lobby room: group_26
2026-09-27 21:47:30:4730 info: [Socket] Client joined lobby room: group_26
2026-09-27 21:47:30:4730 info: [Socket] Client joined lobby room: group_26
2026-09-27 21:47:59:4759 debug: [Socket] User disconnected: XtXuf2XvyX6hSVrPAAA7, Reason: transport close
2026-09-27 21:47:59:4759 debug: [Socket] User connected: tymtD_6DZ7827p-JAAA9
2026-09-27 21:47:59:4759 info: [Socket] Client joined lobby room: group_26
2026-09-27 21:47:59:4759 info: [Socket] Client joined lobby room: group_26
2026-09-27 21:47:59:4759 info: [Socket] Client joined lobby room: group_26
2026-09-27 21:47:59:4759 info: [Socket] Client joined lobby room: group_26
2026-09-27 21:47:59:4759 info: [Socket] Client joined lobby room: group_26
2026-09-27 21:48:08:488 debug: [Socket] User disconnected: A_yVEh9pDJRNJwJSAAAn, Reason: transport close
2026-09-27 21:48:08:488 debug: [Socket] User connected: _FW6XREFVwgYrItJAAA_
2026-09-27 21:48:08:488 info: [Socket] Client joined lobby room: group_26
2026-09-27 21:48:08:488 info: [Socket] Client joined lobby room: group_26
2026-09-27 21:48:08:488 info: [Socket] Client joined lobby room: group_26
2026-09-27 21:48:08:488 info: [Socket] Client joined lobby room: group_26
2026-09-27 21:48:08:488 info: [Socket] Client joined lobby room: group_26
2026-09-27 21:49:50:4950 debug: [Socket] User disconnected: _FW6XREFVwgYrItJAAA_, Reason: transport close
2026-09-27 21:49:50:4950 debug: [Socket] User connected: vF7ERwgOq-qT2Wv7AABB
2026-09-27 21:49:50:4950 info: [Socket] Client joined lobby room: group_26
2026-09-27 21:49:50:4950 info: [Socket] Client joined lobby room: group_26
2026-09-27 21:49:50:4950 info: [Socket] Client joined lobby room: group_26
2026-09-27 21:49:50:4950 info: [Socket] Client joined lobby room: group_26
2026-09-27 21:49:50:4950 info: [Socket] Client joined lobby room: group_26
2026-09-27 21:50:04:504 debug: [Socket] User disconnected: vF7ERwgOq-qT2Wv7AABB, Reason: transport close
2026-09-27 21:50:04:504 debug: [Socket] User connected: zG-cYY5J5xH_xFN6AABD
2026-09-27 21:50:04:504 info: [Socket] Client joined lobby room: group_26
2026-09-27 21:50:04:504 info: [Socket] Client joined lobby room: group_26
2026-09-27 21:50:04:504 info: [Socket] Client joined lobby room: group_26
2026-09-27 21:50:04:504 info: [Socket] Client joined lobby room: group_26
2026-09-27 21:50:04:504 info: [Socket] Client joined lobby room: group_26
2026-09-27 21:50:13:5013 debug: [Socket] User disconnected: tymtD_6DZ7827p-JAAA9, Reason: transport close
2026-09-27 21:50:13:5013 debug: [Socket] User connected: dmb5H0Mv7qHg9sQdAABF
2026-09-27 21:50:13:5013 info: [Socket] Client joined lobby room: group_26
2026-09-27 21:50:13:5013 info: [Socket] Client joined lobby room: group_26
2026-09-27 21:50:13:5013 info: [Socket] Client joined lobby room: group_26
2026-09-27 21:50:13:5013 info: [Socket] Client joined lobby room: group_26
2026-09-27 21:50:13:5013 info: [Socket] Client joined lobby room: group_26
2026-09-27 21:50:49:5049 debug: [Socket] User disconnected: zG-cYY5J5xH_xFN6AABD, Reason: transport close
2026-09-27 21:50:49:5049 debug: [Socket] User connected: zlYXHZ1gCPFqoSLbAABH
2026-09-27 21:50:49:5049 info: [Socket] Client joined lobby room: group_26
2026-09-27 21:50:49:5049 info: [Socket] Client joined lobby room: group_26
2026-09-27 21:50:49:5049 info: [Socket] Client joined lobby room: group_26
2026-09-27 21:50:49:5049 info: [Socket] Client joined lobby room: group_26
2026-09-27 21:50:50:5050 info: [Socket] Client joined lobby room: group_26
2026-09-27 21:51:04:514 debug: [Socket] User disconnected: mtFjeyw5lYfLwE1iAAAp, Reason: transport close
2026-09-27 21:51:04:514 debug: [Socket] User connected: 2RPMulLaYBRKhBhBAABJ
2026-09-27 21:51:04:514 info: [Socket] Client joined lobby room: group_26
2026-09-27 21:51:04:514 info: [Socket] Client joined lobby room: group_26
2026-09-27 21:51:04:514 info: [Socket] Client joined lobby room: group_26
2026-09-27 21:51:04:514 info: [Socket] Client joined lobby room: group_26
2026-09-27 21:51:04:514 info: [Socket] Client joined lobby room: group_26
2026-09-27 21:51:11:5111 debug: [Socket] User disconnected: 2RPMulLaYBRKhBhBAABJ, Reason: transport close
2026-09-27 21:51:11:5111 debug: [Socket] User connected: 9GtK3O65hX_JZAOiAABL
2026-09-27 21:51:11:5111 info: [Socket] Client joined lobby room: group_26
2026-09-27 21:51:11:5111 info: [Socket] Client joined lobby room: group_26
2026-09-27 21:51:11:5111 info: [Socket] Client joined lobby room: group_26
2026-09-27 21:51:11:5111 info: [Socket] Client joined lobby room: group_26
2026-09-27 21:51:11:5111 info: [Socket] Client joined lobby room: group_26
2026-09-27 21:51:18:5118 debug: [Socket] User disconnected: qltNDVhG6f3-OqEMAAAr, Reason: transport close
2026-09-27 21:51:18:5118 debug: [Socket] User connected: cMEJILaELVVsVmj2AABN
2026-09-27 21:51:18:5118 info: [Socket] Client joined lobby room: group_26
2026-09-27 21:51:18:5118 info: [Socket] Client joined lobby room: group_26
2026-09-27 21:51:18:5118 info: [Socket] Client joined lobby room: group_26
2026-09-27 21:51:18:5118 info: [Socket] Client joined lobby room: group_26
2026-09-27 21:51:18:5118 info: [Socket] Client joined lobby room: group_26
2026-09-27 21:51:30:5130 debug: [Socket] User disconnected: B6ONwMJJtRqu8A8JAAAt, Reason: transport close
2026-09-27 21:51:30:5130 debug: [Socket] User connected: WdPLVH63Mb3LkwgxAABP
2026-09-27 21:51:30:5130 info: [Socket] Client joined lobby room: group_26
2026-09-27 21:51:30:5130 info: [Socket] Client joined lobby room: group_26
2026-09-27 21:51:30:5130 info: [Socket] Client joined lobby room: group_26
2026-09-27 21:51:30:5130 info: [Socket] Client joined lobby room: group_26
2026-09-27 21:51:30:5130 info: [Socket] Client joined lobby room: group_26
2026-09-27 21:51:38:5138 debug: [Socket] User disconnected: WdPLVH63Mb3LkwgxAABP, Reason: transport close
2026-09-27 21:51:38:5138 debug: [Socket] User connected: 2kzVolpArrblRoz2AABR
2026-09-27 21:51:38:5138 info: [Socket] Client joined lobby room: group_26
2026-09-27 21:51:38:5138 info: [Socket] Client joined lobby room: group_26
2026-09-27 21:51:38:5138 info: [Socket] Client joined lobby room: group_26
2026-09-27 21:51:38:5138 info: [Socket] Client joined lobby room: group_26
2026-09-27 21:51:38:5138 info: [Socket] Client joined lobby room: group_26
2026-09-27 21:51:47:5147 debug: [Socket] User disconnected: 2kzVolpArrblRoz2AABR, Reason: transport close
2026-09-27 21:51:47:5147 debug: [Socket] User connected: hPT8cHQxQH7RyV9ZAABT
2026-09-27 21:51:47:5147 info: [Socket] Client joined lobby room: group_26
2026-09-27 21:51:47:5147 info: [Socket] Client joined lobby room: group_26
2026-09-27 21:51:47:5147 info: [Socket] Client joined lobby room: group_26
2026-09-27 21:51:47:5147 info: [Socket] Client joined lobby room: group_26
2026-09-27 21:51:47:5147 info: [Socket] Client joined lobby room: group_26
2026-09-27 21:51:58:5158 debug: [Socket] User disconnected: hPT8cHQxQH7RyV9ZAABT, Reason: transport close
2026-09-27 21:51:58:5158 debug: [Socket] User connected: ScU1IO6qsR3kfVTXAABV
2026-09-27 21:51:58:5158 info: [Socket] Client joined lobby room: group_26
2026-09-27 21:51:58:5158 info: [Socket] Client joined lobby room: group_26
2026-09-27 21:51:58:5158 info: [Socket] Client joined lobby room: group_26
2026-09-27 21:51:58:5158 info: [Socket] Client joined lobby room: group_26
2026-09-27 21:51:58:5158 info: [Socket] Client joined lobby room: group_26
2026-09-27 21:52:11:5211 debug: [Socket] User disconnected: ScU1IO6qsR3kfVTXAABV, Reason: transport close
2026-09-27 21:52:11:5211 debug: [Socket] User connected: dtp__-wtkqE7zb-1AABX
2026-09-27 21:52:11:5211 info: [Socket] Client joined lobby room: group_26
2026-09-27 21:52:11:5211 info: [Socket] Client joined lobby room: group_26
2026-09-27 21:52:11:5211 info: [Socket] Client joined lobby room: group_26
2026-09-27 21:52:12:5212 info: [Socket] Client joined lobby room: group_26
2026-09-27 21:52:12:5212 info: [Socket] Client joined lobby room: group_26
2026-09-27 21:52:14:5214 debug: [Socket] User disconnected: dmb5H0Mv7qHg9sQdAABF, Reason: transport close
2026-09-27 21:52:14:5214 debug: [Socket] User connected: cDLwVpwb_wgbR1uhAABZ
2026-09-27 21:52:14:5214 info: [Socket] Client joined lobby room: group_26
2026-09-27 21:52:14:5214 info: [Socket] Client joined lobby room: group_26
2026-09-27 21:52:14:5214 info: [Socket] Client joined lobby room: group_26
2026-09-27 21:52:14:5214 info: [Socket] Client joined lobby room: group_26
2026-09-27 21:52:14:5214 info: [Socket] Client joined lobby room: group_26
2026-09-27 21:53:27:5327 debug: [Socket] User disconnected: dtp__-wtkqE7zb-1AABX, Reason: transport close
2026-09-27 21:53:27:5327 debug: [Socket] User connected: VX9eFVvGqwp5uMBDAABb
2026-09-27 21:53:27:5327 info: [Socket] Client joined lobby room: group_26
2026-09-27 21:53:27:5327 info: [Socket] Client joined lobby room: group_26
2026-09-27 21:53:27:5327 info: [Socket] Client joined lobby room: group_26
2026-09-27 21:53:27:5327 info: [Socket] Client joined lobby room: group_26
2026-09-27 21:53:27:5327 info: [Socket] Client joined lobby room: group_26
2026-09-27 21:53:29:5329 debug: [Socket] User disconnected: cMEJILaELVVsVmj2AABN, Reason: transport close
2026-09-27 21:53:29:5329 debug: [Socket] User connected: -6Gh5G5sSONbNseGAABd
2026-09-27 21:53:29:5329 info: [Socket] Client joined lobby room: group_26
2026-09-27 21:53:29:5329 info: [Socket] Client joined lobby room: group_26
2026-09-27 21:53:29:5329 info: [Socket] Client joined lobby room: group_26
2026-09-27 21:53:29:5329 info: [Socket] Client joined lobby room: group_26
2026-09-27 21:53:29:5329 info: [Socket] Client joined lobby room: group_26
2026-09-27 21:53:30:5330 debug: [Socket] User disconnected: 9GtK3O65hX_JZAOiAABL, Reason: transport close
2026-09-27 21:53:30:5330 debug: [Socket] User connected: GzQh6fIJXK7AYvqzAABf
2026-09-27 21:53:30:5330 info: [Socket] Client joined lobby room: group_26
2026-09-27 21:53:30:5330 info: [Socket] Client joined lobby room: group_26
2026-09-27 21:53:30:5330 info: [Socket] Client joined lobby room: group_26
2026-09-27 21:53:30:5330 info: [Socket] Client joined lobby room: group_26
2026-09-27 21:53:30:5330 info: [Socket] Client joined lobby room: group_26
2026-09-27 21:53:32:5332 debug: [Socket] User disconnected: zlYXHZ1gCPFqoSLbAABH, Reason: transport close
2026-09-27 21:53:32:5332 debug: [Socket] User connected: nmvoPbPGPe6L9-GUAABh
2026-09-27 21:53:32:5332 info: [Socket] Client joined lobby room: group_26
2026-09-27 21:53:32:5332 info: [Socket] Client joined lobby room: group_26
2026-09-27 21:53:32:5332 info: [Socket] Client joined lobby room: group_26
2026-09-27 21:53:32:5332 info: [Socket] Client joined lobby room: group_26
2026-09-27 21:53:32:5332 info: [Socket] Client joined lobby room: group_26
2026-09-27 21:53:33:5333 debug: [Socket] User disconnected: cDLwVpwb_wgbR1uhAABZ, Reason: transport close
2026-09-27 21:53:33:5333 debug: [Socket] User connected: lrszBbUsc3OX4uhlAABj
2026-09-27 21:53:33:5333 info: [Socket] Client joined lobby room: group_26
2026-09-27 21:53:33:5333 info: [Socket] Client joined lobby room: group_26
2026-09-27 21:53:33:5333 info: [Socket] Client joined lobby room: group_26
2026-09-27 21:53:33:5333 info: [Socket] Client joined lobby room: group_26
2026-09-27 21:53:33:5333 info: [Socket] Client joined lobby room: group_26
2026-09-27 21:53:53:5353 info: [Socket] Client joined lobby room: group_26
2026-09-27 21:53:53:5353 info: [Socket] Client joined lobby room: group_26
2026-09-27 21:53:53:5353 info: [Socket] Client joined lobby room: group_26
2026-09-27 21:53:53:5353 info: [Socket] Client joined lobby room: group_26
2026-09-27 21:53:53:5353 info: [Socket] Client joined lobby room: group_26
2026-09-27 21:57:04:574 debug: [Socket] User disconnected: GzQh6fIJXK7AYvqzAABf, Reason: transport close
