2026-09-27 07:24:15:2415 error: Error sending OTP email: Invalid login: 535 5.7.8 Authentication failed
2026-09-27 07:26:44:2644 error: The Lie Detector can only be used once per game
2026-09-27 07:27:35:2735 error: The Lie Detector can only be used once per game
2026-09-27 07:33:36:3336 error: The Lie Detector runs for its full duration and ends automatically.
2026-09-27 07:33:43:3343 error: The Lie Detector can only be used once per game
2026-09-27 13:52:37:5237 error: Access Denied: You have joined after the allowed time. The session started at 7:30 AM and entry was closed at 7:45 AM. Please contact the Organiser for assistance.
2026-09-27 13:52:42:5242 error: Access Denied: You have joined after the allowed time. The session started at 7:30 AM and entry was closed at 7:45 AM. Please contact the Organiser for assistance.
2026-09-27 13:54:49:5449 error: Access Denied: You have joined after the allowed time. The session started at 7:30 AM and entry was closed at 7:45 AM. Please contact the Organiser for assistance.
2026-09-27 13:55:25:5525 error: Error sending OTP email: Invalid login: 535 5.7.8 Authentication failed
2026-09-27 14:01:14:114 error: Error sending OTP email: Invalid login: 535 5.7.8 Authentication failed
2026-09-27 14:01:48:148 error: Error sending OTP email: Invalid login: 535 5.7.8 Authentication failed
2026-09-27 14:02:02:22 error: Error sending OTP email: Invalid login: 535 5.7.8 Authentication failed
2026-09-27 14:02:16:216 error: Error sending OTP email: Invalid login: 535 5.7.8 Authentication failed
2026-09-27 14:02:33:233 error: Error sending OTP email: Invalid login: 535 5.7.8 Authentication failed
2026-09-27 14:15:00:150 error: You are not part of this group
2026-09-27 14:15:00:150 error: You are not part of this group
2026-09-27 20:39:26:3926 error: Error sending OTP email: Invalid login: 535 5.7.8 Authentication failed
2026-09-27 21:17:37:1737 error: Access Denied: You have joined after the allowed time. The session started at 8:45 PM and entry was closed at 9:00 PM. Please contact the Organiser for assistance.
2026-09-27 21:18:11:1811 error: You already registered this email id. Please login.
2026-09-27 21:18:21:1821 error: Error sending OTP email: Invalid login: 535 5.7.8 Authentication failed
2026-09-27 21:31:52:3152 error: Error sending OTP email: Invalid login: 535 5.7.8 Authentication failed
2026-09-27 21:32:16:3216 error: Error sending OTP email: Invalid login: 535 5.7.8 Authentication failed
2026-09-27 21:32:29:3229 error: Error sending OTP email: Invalid login: 535 5.7.8 Authentication failed
2026-09-27 21:32:38:3238 error: Error sending OTP email: Invalid login: 535 5.7.8 Authentication failed
2026-09-27 21:32:49:3249 error: Error sending OTP email: Invalid login: 535 5.7.8 Authentication failed
2026-09-27 21:45:03:453 error: You are not part of this group
2026-09-27 21:45:03:453 error: You are not part of this group
2026-09-27 21:45:03:453 error: You are not part of this group
